Archive member included to satisfy reference by file (symbol)

d:/stm32cubeide/stm32cubeide_1.8.0/stm32cubeide/plugins/com.st.stm32cube.ide.mcu.externaltools.gnu-tools-for-stm32.9-2020-q2-update.win32_2.0.0.202105311346/tools/bin/../lib/gcc/arm-none-eabi/9.3.1/../../../../arm-none-eabi/lib/thumb/v7-m/nofp\libc_nano.a(lib_a-errno.o)
                              ./Core/Src/syscalls.o (__errno)
d:/stm32cubeide/stm32cubeide_1.8.0/stm32cubeide/plugins/com.st.stm32cube.ide.mcu.externaltools.gnu-tools-for-stm32.9-2020-q2-update.win32_2.0.0.202105311346/tools/bin/../lib/gcc/arm-none-eabi/9.3.1/../../../../arm-none-eabi/lib/thumb/v7-m/nofp\libc_nano.a(lib_a-exit.o)
                              d:/stm32cubeide/stm32cubeide_1.8.0/stm32cubeide/plugins/com.st.stm32cube.ide.mcu.externaltools.gnu-tools-for-stm32.9-2020-q2-update.win32_2.0.0.202105311346/tools/bin/../lib/gcc/arm-none-eabi/9.3.1/../../../../arm-none-eabi/lib/thumb/v7-m/nofp/crt0.o (exit)
d:/stm32cubeide/stm32cubeide_1.8.0/stm32cubeide/plugins/com.st.stm32cube.ide.mcu.externaltools.gnu-tools-for-stm32.9-2020-q2-update.win32_2.0.0.202105311346/tools/bin/../lib/gcc/arm-none-eabi/9.3.1/../../../../arm-none-eabi/lib/thumb/v7-m/nofp\libc_nano.a(lib_a-impure.o)
                              d:/stm32cubeide/stm32cubeide_1.8.0/stm32cubeide/plugins/com.st.stm32cube.ide.mcu.externaltools.gnu-tools-for-stm32.9-2020-q2-update.win32_2.0.0.202105311346/tools/bin/../lib/gcc/arm-none-eabi/9.3.1/../../../../arm-none-eabi/lib/thumb/v7-m/nofp\libc_nano.a(lib_a-exit.o) (_global_impure_ptr)
d:/stm32cubeide/stm32cubeide_1.8.0/stm32cubeide/plugins/com.st.stm32cube.ide.mcu.externaltools.gnu-tools-for-stm32.9-2020-q2-update.win32_2.0.0.202105311346/tools/bin/../lib/gcc/arm-none-eabi/9.3.1/../../../../arm-none-eabi/lib/thumb/v7-m/nofp\libc_nano.a(lib_a-init.o)
                              d:/stm32cubeide/stm32cubeide_1.8.0/stm32cubeide/plugins/com.st.stm32cube.ide.mcu.externaltools.gnu-tools-for-stm32.9-2020-q2-update.win32_2.0.0.202105311346/tools/bin/../lib/gcc/arm-none-eabi/9.3.1/../../../../arm-none-eabi/lib/thumb/v7-m/nofp/crt0.o (__libc_init_array)
d:/stm32cubeide/stm32cubeide_1.8.0/stm32cubeide/plugins/com.st.stm32cube.ide.mcu.externaltools.gnu-tools-for-stm32.9-2020-q2-update.win32_2.0.0.202105311346/tools/bin/../lib/gcc/arm-none-eabi/9.3.1/../../../../arm-none-eabi/lib/thumb/v7-m/nofp\libc_nano.a(lib_a-malloc.o)
                              ./Core/Src/DrEmpower_can.o (malloc)
d:/stm32cubeide/stm32cubeide_1.8.0/stm32cubeide/plugins/com.st.stm32cube.ide.mcu.externaltools.gnu-tools-for-stm32.9-2020-q2-update.win32_2.0.0.202105311346/tools/bin/../lib/gcc/arm-none-eabi/9.3.1/../../../../arm-none-eabi/lib/thumb/v7-m/nofp\libc_nano.a(lib_a-memcpy-stub.o)
                              ./Core/Src/DrEmpower_can.o (memcpy)
d:/stm32cubeide/stm32cubeide_1.8.0/stm32cubeide/plugins/com.st.stm32cube.ide.mcu.externaltools.gnu-tools-for-stm32.9-2020-q2-update.win32_2.0.0.202105311346/tools/bin/../lib/gcc/arm-none-eabi/9.3.1/../../../../arm-none-eabi/lib/thumb/v7-m/nofp\libc_nano.a(lib_a-memset.o)
                              d:/stm32cubeide/stm32cubeide_1.8.0/stm32cubeide/plugins/com.st.stm32cube.ide.mcu.externaltools.gnu-tools-for-stm32.9-2020-q2-update.win32_2.0.0.202105311346/tools/bin/../lib/gcc/arm-none-eabi/9.3.1/../../../../arm-none-eabi/lib/thumb/v7-m/nofp/crt0.o (memset)
d:/stm32cubeide/stm32cubeide_1.8.0/stm32cubeide/plugins/com.st.stm32cube.ide.mcu.externaltools.gnu-tools-for-stm32.9-2020-q2-update.win32_2.0.0.202105311346/tools/bin/../lib/gcc/arm-none-eabi/9.3.1/../../../../arm-none-eabi/lib/thumb/v7-m/nofp\libc_nano.a(lib_a-nano-freer.o)
                              d:/stm32cubeide/stm32cubeide_1.8.0/stm32cubeide/plugins/com.st.stm32cube.ide.mcu.externaltools.gnu-tools-for-stm32.9-2020-q2-update.win32_2.0.0.202105311346/tools/bin/../lib/gcc/arm-none-eabi/9.3.1/../../../../arm-none-eabi/lib/thumb/v7-m/nofp\libc_nano.a(lib_a-malloc.o) (_free_r)
d:/stm32cubeide/stm32cubeide_1.8.0/stm32cubeide/plugins/com.st.stm32cube.ide.mcu.externaltools.gnu-tools-for-stm32.9-2020-q2-update.win32_2.0.0.202105311346/tools/bin/../lib/gcc/arm-none-eabi/9.3.1/../../../../arm-none-eabi/lib/thumb/v7-m/nofp\libc_nano.a(lib_a-nano-mallocr.o)
                              d:/stm32cubeide/stm32cubeide_1.8.0/stm32cubeide/plugins/com.st.stm32cube.ide.mcu.externaltools.gnu-tools-for-stm32.9-2020-q2-update.win32_2.0.0.202105311346/tools/bin/../lib/gcc/arm-none-eabi/9.3.1/../../../../arm-none-eabi/lib/thumb/v7-m/nofp\libc_nano.a(lib_a-malloc.o) (_malloc_r)
d:/stm32cubeide/stm32cubeide_1.8.0/stm32cubeide/plugins/com.st.stm32cube.ide.mcu.externaltools.gnu-tools-for-stm32.9-2020-q2-update.win32_2.0.0.202105311346/tools/bin/../lib/gcc/arm-none-eabi/9.3.1/../../../../arm-none-eabi/lib/thumb/v7-m/nofp\libc_nano.a(lib_a-sbrkr.o)
[...]
Memory Configuration

Name             Origin             Length             Attributes
RAM              0x0000000020000000 0x0000000000005000 xrw
FLASH            0x0000000008000000 0x0000000000010000 xr
*default*        0x0000000000000000 0xffffffffffffffff

Linker script and memory map

LOAD d:/stm32cubeide/stm32cubeide_1.8.0/stm32cubeide/plugins/com.st.stm32cube.ide.mcu.externaltools.gnu-tools-for-stm32.9-2020-q2-update.win32_2.0.0.202105311346/tools/bin/../lib/gcc/arm-none-eabi/9.3.1/thumb/v7-m/nofp/crti.o
LOAD d:/stm32cubeide/stm32cubeide_1.8.0/stm32cubeide/plugins/com.st.stm32cube.ide.mcu.externaltools.gnu-tools-for-stm32.9-2020-q2-update.win32_2.0.0.202105311346/tools/bin/../lib/gcc/arm-none-eabi/9.3.1/thumb/v7-m/nofp/crtbegin.o
LOAD d:/stm32cubeide/stm32cubeide_1.8.0/stm32cubeide/plugins/com.st.stm32cube.ide.mcu.externaltools.gnu-tools-for-stm32.9-2020-q2-update.win32_2.0.0.202105311346/tools/bin/../lib/gcc/arm-none-eabi/9.3.1/../../../../arm-none-eabi/lib/thumb/v7-m/nofp/crt0.o
LOAD ./Core/Src/DrEmpower_can.o
LOAD ./Core/Src/can.o
LOAD ./Core/Src/gpio.o
LOAD ./Core/Src/main.o
LOAD ./Core/Src/stm32f1xx_hal_msp.o
LOAD ./Core/Src/stm32f1xx_it.o
LOAD ./Core/Src/syscalls.o
LOAD ./Core/Src/sysmem.o
LOAD ./Core/Src/system_stm32f1xx.o
LOAD ./Core/Startup/startup_stm32f103c8tx.o
LOAD ./Drivers/STM32F1xx_HAL_Driver/Src/stm32f1xx_hal.o
LOAD ./Drivers/STM32F1xx_HAL_Driver/Src/stm32f1xx_hal_can.o
LOAD ./Drivers/STM32F1xx_HAL_Driver/Src/stm32f1xx_hal_cortex.o
LOAD ./Drivers/STM32F1xx_HAL_Driver/Src/stm32f1xx_hal_dma.o
LOAD ./Drivers/STM32F1xx_HAL_Driver/Src/stm32f1xx_hal_exti.o
LOAD ./Drivers/STM32F1xx_HAL_Driver/Src/stm32f1xx_hal_flash.o
LOAD ./Drivers/STM32F1xx_HAL_Driver/Src/stm32f1xx_hal_flash_ex.o
LOAD ./Drivers/STM32F1xx_HAL_Driver/Src/stm32f1xx_hal_gpio.o
LOAD ./Drivers/STM32F1xx_HAL_Driver/Src/stm32f1xx_hal_gpio_ex.o
LOAD ./Drivers/STM32F1xx_HAL_Driver/Src/stm32f1xx_hal_pwr.o
LOAD ./Drivers/STM32F1xx_HAL_Driver/Src/stm32f1xx_hal_rcc.o
LOAD ./Drivers/STM32F1xx_HAL_Driver/Src/stm32f1xx_hal_rcc_ex.o
LOAD ./Drivers/STM32F1xx_HAL_Driver/Src/stm32f1xx_hal_tim.o
LOAD ./Drivers/STM32F1xx_HAL_Driver/Src/stm32f1xx_hal_tim_ex.o
START GROUP
LOAD d:/stm32cubeide/stm32cubeide_1.8.0/stm32cubeide/plugins/com.st.stm32cube.ide.mcu.externaltools.gnu-tools-for-stm32.9-2020-q2-update.win32_2.0.0.202105311346/tools/bin/../lib/gcc/arm-none-eabi/9.3.1/../../../../arm-none-eabi/lib/thumb/v7-m/nofp\libc_nano.a
LOAD d:/stm32cubeide/stm32cubeide_1.8.0/stm32cubeide/plugins/com.st.stm32cube.ide.mcu.externaltools.gnu-tools-for-stm32.9-2020-q2-update.win32_2.0.0.202105311346/tools/bin/../lib/gcc/arm-none-eabi/9.3.1/../../../../arm-none-eabi/lib/thumb/v7-m/nofp\libm.a
END GROUP
START GROUP
LOAD d:/stm32cubeide/stm32cubeide_1.8.0/stm32cubeide/plugins/com.st.stm32cube.ide.mcu.externaltools.gnu-tools-for-stm32.9-2020-q2-update.win32_2.0.0.202105311346/tools/bin/../lib/gcc/arm-none-eabi/9.3.1/thumb/v7-m/nofp\libgcc.a
LOAD d:/stm32cubeide/stm32cubeide_1.8.0/stm32cubeide/plugins/com.st.stm32cube.ide.mcu.externaltools.gnu-tools-for-stm32.9-2020-q2-update.win32_2.0.0.202105311346/tools/bin/../lib/gcc/arm-none-eabi/9.3.1/../../../../arm-none-eabi/lib/thumb/v7-m/nofp\libc_nano.a
END GROUP
START GROUP
LOAD d:/stm32cubeide/stm32cubeide_1.8.0/stm32cubeide/plugins/com.st.stm32cube.ide.mcu.externaltools.gnu-tools-for-stm32.9-2020-q2-update.win32_2.0.0.202105311346/tools/bin/../lib/gcc/arm-none-eabi/9.3.1/thumb/v7-m/nofp\libgcc.a
LOAD d:/stm32cubeide/stm32cubeide_1.8.0/stm32cubeide/plugins/com.st.stm32cube.ide.mcu.externaltools.gnu-tools-for-stm32.9-2020-q2-update.win32_2.0.0.202105311346/tools/bin/../lib/gcc/arm-none-eabi/9.3.1/../../../../arm-none-eabi/lib/thumb/v7-m/nofp\libc_nano.a
LOAD d:/stm32cubeide/stm32cubeide_1.8.0/stm32cubeide/plugins/com.st.stm32cube.ide.mcu.externaltools.gnu-tools-for-stm32.9-2020-q2-update.win32_2.0.0.202105311346/tools/bin/../lib/gcc/arm-none-eabi/9.3.1/../../../../arm-none-eabi/lib/thumb/v7-m/nofp\libnosys.a
END GROUP
START GROUP
LOAD d:/stm32cubeide/stm32cubeide_1.8.0/stm32cubeide/plugins/com.st.stm32cube.ide.mcu.externaltools.gnu-tools-for-stm32.9-2020-q2-update.win32_2.0.0.202105311346/tools/bin/../lib/gcc/arm-none-eabi/9.3.1/thumb/v7-m/nofp\libgcc.a
LOAD d:/stm32cubeide/stm32cubeide_1.8.0/stm32cubeide/plugins/com.st.stm32cube.ide.mcu.externaltools.gnu-tools-for-stm32.9-2020-q2-update.win32_2.0.0.202105311346/tools/bin/../lib/gcc/arm-none-eabi/9.3.1/../../../../arm-none-eabi/lib/thumb/v7-m/nofp\libc_nano.a
LOAD d:/stm32cubeide/stm32cubeide_1.8.0/stm32cubeide/plugins/com.st.stm32cube.ide.mcu.externaltools.gnu-tools-for-stm32.9-2020-q2-update.win32_2.0.0.202105311346/tools/bin/../lib/gcc/arm-none-eabi/9.3.1/../../../../arm-none-eabi/lib/thumb/v7-m/nofp\libnosys.a
END GROUP
LOAD d:/stm32cubeide/stm32cubeide_1.8.0/stm32cubeide/plugins/com.st.stm32cube.ide.mcu.externaltools.gnu-tools-for-stm32.9-2020-q2-update.win32_2.0.0.202105311346/tools/bin/../lib/gcc/arm-none-eabi/9.3.1/thumb/v7-m/nofp/crtend.o
LOAD d:/stm32cubeide/stm32cubeide_1.8.0/stm32cubeide/plugins/com.st.stm32cube.ide.mcu.externaltools.gnu-tools-for-stm32.9-2020-q2-update.win32_2.0.0.202105311346/tools/bin/../lib/gcc/arm-none-eabi/9.3.1/thumb/v7-m/nofp/crtn.o
                0x0000000020005000                _estack = (ORIGIN (RAM) + LENGTH (RAM))
                0x0000000000000200                _Min_Heap_Size = 0x200
                0x0000000000000400                _Min_Stack_Size = 0x400

.isr_vector     0x0000000008000000      0x10c
                0x0000000008000000                . = ALIGN (0x4)
 *(.isr_vector)
 .isr_vector    0x0000000008000000      0x10c ./Core/Startup/startup_stm32f103c8tx.o
                0x0000000008000000                g_pfnVectors
                0x000000000800010c                . = ALIGN (0x4)

.text           0x000000000800010c     0x2e18
                0x000000000800010c                . = ALIGN (0x4)
 *(.text)
 .text          0x000000000800010c       0x40 d:/stm32cubeide/stm32cubeide_1.8.0/stm32cubeide/plugins/com.st.stm32cube.ide.mcu.externaltools.gnu-tools-for-stm32.9-2020-q2-update.win32_2.0.0.202105311346/tools/bin/../lib/gcc/arm-none-eabi/9.3.1/thumb/v7-m/nofp/crtbegin.o
 .text          0x000000000800014c       0x14 d:/stm32cubeide/stm32cubeide_1.8.0/stm32cubeide/plugins/com.st.stm32cube.ide.mcu.externaltools.gnu-tools-for-stm32.9-2020-q2-update.win32_2.0.0.202105311346/tools/bin/../lib/gcc/arm-none-eabi/9.3.1/../../../../arm-none-eabi/lib/thumb/v7-m/nofp\libc_nano.a(lib_a-strcmp.o)
                0x000000000800014c                strcmp
 .text          0x0000000008000160      0x21c d:/stm32cubeide/stm32cubeide_1.8.0/stm32cubeide/plugins/com.st.stm32cube.ide.mcu.externaltools.gnu-tools-for-stm32.9-2020-q2-update.win32_2.0.0.202105311346/tools/bin/../lib/gcc/arm-none-eabi/9.3.1/thumb/v7-m/nofp\libgcc.a(_arm_addsubsf3.o)
                0x0000000008000160                __aeabi_frsub
                0x0000000008000168                __subsf3
                0x0000000008000168                __aeabi_fsub
                0x000000000800016c                __aeabi_fadd
                0x000000000800016c                __addsf3
                0x00000000080002cc                __aeabi_ui2f
                0x00000000080002cc                __floatunsisf
                0x00000000080002d4                __aeabi_i2f
                0x00000000080002d4                __floatsisf
                0x00000000080002f0                __aeabi_ul2f
                0x00000000080002f0                __floatundisf
                0x0000000008000300                __aeabi_l2f
                0x0000000008000300                __floatdisf
 .text          0x000000000800037c      0x2a0 d:/stm32cubeide/stm32cubeide_1.8.0/stm32cubeide/plugins/com.st.stm32cube.ide.mcu.externaltools.gnu-tools-for-stm32.9-2020-q2-update.win32_2.0.0.202105311346/tools/bin/../lib/gcc/arm-none-eabi/9.3.1/thumb/v7-m/nofp\libgcc.a(_arm_muldivsf3.o)
                0x000000000800037c                __mulsf3
                0x000000000800037c                __aeabi_fmul
                0x00000000080004e4                __aeabi_fdiv
                0x00000000080004e4                __divsf3
 .text          0x000000000800061c       0xec d:/stm32cubeide/stm32cubeide_1.8.0/stm32cubeide/plugins/com.st.stm32cube.ide.mcu.externaltools.gnu-tools-for-stm32.9-2020-q2-update.win32_2.0.0.202105311346/tools/bin/../lib/gcc/arm-none-eabi/9.3.1/thumb/v7-m/nofp\libgcc.a(_arm_cmpsf2.o)
                0x000000000800061c                __gesf2
                0x000000000800061c                __gtsf2
                0x0000000008000624                __lesf2
                0x0000000008000624                __ltsf2
                0x000000000800062c                __nesf2
                0x000000000800062c                __eqsf2
                0x000000000800062c                __cmpsf2
                0x000000000800068c                __aeabi_cfrcmple
                0x0000000008000694                __aeabi_cfcmpeq
                0x0000000008000694                __aeabi_cfcmple
                0x00000000080006a4                __aeabi_fcmpeq
                0x00000000080006b8                __aeabi_fcmplt
                0x00000000080006cc                __aeabi_fcmple
                0x00000000080006e0                __aeabi_fcmpge
                0x00000000080006f4                __aeabi_fcmpgt
 .text          0x0000000008000708       0x4c d:/stm32cubeide/stm32cubeide_1.8.0/stm32cubeide/plugins/com.st.stm32cube.ide.mcu.externaltools.gnu-tools-for-stm32.9-2020-q2-update.win32_2.0.0.202105311346/tools/bin/../lib/gcc/arm-none-eabi/9.3.1/thumb/v7-m/nofp\libgcc.a(_arm_fixsfsi.o)
                0x0000000008000708                __aeabi_f2iz
                0x0000000008000708                __fixsfsi
 .text          0x0000000008000754       0x40 d:/stm32cubeide/stm32cubeide_1.8.0/stm32cubeide/plugins/com.st.stm32cube.ide.mcu.externaltools.gnu-tools-for-stm32.9-2020-q2-update.win32_2.0.0.202105311346/tools/bin/../lib/gcc/arm-none-eabi/9.3.1/thumb/v7-m/nofp\libgcc.a(_arm_fixunssfsi.o)
                0x0000000008000754                __fixunssfsi
                0x0000000008000754                __aeabi_f2uiz
 *(.text*)
 .text.send_command
                0x0000000008000794       0x3e ./Core/Src/DrEmpower_can.o
                0x0000000008000794                send_command
 .text.uint16_to_data
                0x00000000080007d2       0x2c ./Core/Src/DrEmpower_can.o
 .text.data_to_uint16
                0x00000000080007fe       0x2a ./Core/Src/DrEmpower_can.o
 .text.uint_to_data
                0x0000000008000828       0x40 ./Core/Src/DrEmpower_can.o
 .text.data_to_uint
                0x0000000008000868       0x38 ./Core/Src/DrEmpower_can.o
 .text.int16_to_data
                0x00000000080008a0       0x26 ./Core/Src/DrEmpower_can.o
 .text.data_to_int16
                0x00000000080008c6       0x2c ./Core/Src/DrEmpower_can.o
 .text.int_to_data
                0x00000000080008f2       0x34 ./Core/Src/DrEmpower_can.o
 .text.data_to_int
                0x0000000008000926       0x42 ./Core/Src/DrEmpower_can.o
 .text.float_to_data
                0x0000000008000968       0x34 ./Core/Src/DrEmpower_can.o
 .text.data_to_float
                0x000000000800099c       0x42 ./Core/Src/DrEmpower_can.o
 *fill*         0x00000000080009de        0x2 
 .text.byte2value
                0x00000000080009e0      0x13c ./Core/Src/DrEmpower_can.o
                0x00000000080009e0                byte2value
 .text.value2byte
                0x0000000008000b1c      0x170 ./Core/Src/DrEmpower_can.o
                0x0000000008000b1c                value2byte
 .text.format_data
                0x0000000008000c8c       0xb0 ./Core/Src/DrEmpower_can.o
                0x0000000008000c8c                format_data
 .text.set_angle
                0x0000000008000d3c      0x210 ./Core/Src/DrEmpower_can.o
                0x0000000008000d3c                set_angle
 .text.MX_CAN_Init
                0x0000000008000f4c       0x6c ./Core/Src/can.o
                0x0000000008000f4c                MX_CAN_Init
 .text.HAL_CAN_MspInit
                0x0000000008000fb8       0xa8 ./Core/Src/can.o
                0x0000000008000fb8                HAL_CAN_MspInit
 .text.Can_Config
                0x0000000008001060       0x70 ./Core/Src/can.o
                0x0000000008001060                Can_Config
 .text.Can_Send_Msg
                0x00000000080010d0       0x80 ./Core/Src/can.o
                0x00000000080010d0                Can_Send_Msg
 .text.HAL_CAN_RxFifo0MsgPendingCallback
                0x0000000008001150       0x40 ./Core/Src/can.o
                0x0000000008001150                HAL_CAN_RxFifo0MsgPendingCallback
 .text.MX_GPIO_Init
                0x0000000008001190       0x44 ./Core/Src/gpio.o
                0x0000000008001190                MX_GPIO_Init
 .text.main     0x00000000080011d4       0x5c ./Core/Src/main.o
                0x00000000080011d4                main
 .text.SystemClock_Config
                0x0000000008001230       0x8a ./Core/Src/main.o
                0x0000000008001230                SystemClock_Config
 .text.Error_Handler
                0x00000000080012ba        0xa ./Core/Src/main.o
                0x00000000080012ba                Error_Handler
 .text.HAL_MspInit
                0x00000000080012c4       0x64 ./Core/Src/stm32f1xx_hal_msp.o
                0x00000000080012c4                HAL_MspInit
 .text.NMI_Handler
                0x0000000008001328        0x6 ./Core/Src/stm32f1xx_it.o
                0x0000000008001328                NMI_Handler
 .text.HardFault_Handler
                0x000000000800132e        0x6 ./Core/Src/stm32f1xx_it.o
                0x000000000800132e                HardFault_Handler
 .text.MemManage_Handler
                0x0000000008001334        0x6 ./Core/Src/stm32f1xx_it.o
                0x0000000008001334                MemManage_Handler
 .text.BusFault_Handler
                0x000000000800133a        0x6 ./Core/Src/stm32f1xx_it.o
                0x000000000800133a                BusFault_Handler
 .text.UsageFault_Handler
                0x0000000008001340        0x6 ./Core/Src/stm32f1xx_it.o
                0x0000000008001340                UsageFault_Handler
 .text.SVC_Handler
                0x0000000008001346        0xc ./Core/Src/stm32f1xx_it.o
                0x0000000008001346                SVC_Handler
 .text.DebugMon_Handler
                0x0000000008001352        0xc ./Core/Src/stm32f1xx_it.o
                0x0000000008001352                DebugMon_Handler
 .text.PendSV_Handler
                0x000000000800135e        0xc ./Core/Src/stm32f1xx_it.o
                0x000000000800135e                PendSV_Handler
 .text.SysTick_Handler
                0x000000000800136a        0xc ./Core/Src/stm32f1xx_it.o
                0x000000000800136a                SysTick_Handler
 *fill*         0x0000000008001376        0x2 
 .text.USB_LP_CAN1_RX0_IRQHandler
                0x0000000008001378       0x14 ./Core/Src/stm32f1xx_it.o
                0x0000000008001378                USB_LP_CAN1_RX0_IRQHandler
 .text.SystemInit
                0x000000000800138c        0xc ./Core/Src/system_stm32f1xx.o
                0x000000000800138c                SystemInit
 .text.Reset_Handler
                0x0000000008001398       0x48 ./Core/Startup/startup_stm32f103c8tx.o
                0x0000000008001398                Reset_Handler
 .text.Default_Handler
                0x00000000080013e0        0x2 ./Core/Startup/startup_stm32f103c8tx.o
                0x00000000080013e0                RTC_Alarm_IRQHandler
                0x00000000080013e0                EXTI2_IRQHandler
                0x00000000080013e0                TIM1_CC_IRQHandler
                0x00000000080013e0                PVD_IRQHandler
                0x00000000080013e0                EXTI3_IRQHandler
                0x00000000080013e0                EXTI0_IRQHandler
                0x00000000080013e0                I2C2_EV_IRQHandler
                0x00000000080013e0                ADC1_2_IRQHandler
                0x00000000080013e0                SPI1_IRQHandler
                0x00000000080013e0                TAMPER_IRQHandler
                0x00000000080013e0                DMA1_Channel4_IRQHandler
                0x00000000080013e0                USART3_IRQHandler
                0x00000000080013e0                RTC_IRQHandler
                0x00000000080013e0                DMA1_Channel7_IRQHandler
                0x00000000080013e0                CAN1_RX1_IRQHandler
                0x00000000080013e0                TIM4_IRQHandler
                0x00000000080013e0                I2C1_EV_IRQHandler
                0x00000000080013e0                DMA1_Channel6_IRQHandler
                0x00000000080013e0                TIM3_IRQHandler
                0x00000000080013e0                RCC_IRQHandler
                0x00000000080013e0                TIM1_TRG_COM_IRQHandler
                0x00000000080013e0                DMA1_Channel1_IRQHandler
                0x00000000080013e0                Default_Handler
                0x00000000080013e0                EXTI15_10_IRQHandler
                0x00000000080013e0                EXTI9_5_IRQHandler
                0x00000000080013e0                SPI2_IRQHandler
                0x00000000080013e0                DMA1_Channel5_IRQHandler
                0x00000000080013e0                EXTI4_IRQHandler
                0x00000000080013e0                USB_HP_CAN1_TX_IRQHandler
                0x00000000080013e0                DMA1_Channel3_IRQHandler
                0x00000000080013e0                TIM1_UP_IRQHandler
                0x00000000080013e0                WWDG_IRQHandler
                0x00000000080013e0                TIM2_IRQHandler
                0x00000000080013e0                TIM1_BRK_IRQHandler
                0x00000000080013e0                EXTI1_IRQHandler
                0x00000000080013e0                USART2_IRQHandler
                0x00000000080013e0                I2C2_ER_IRQHandler
                0x00000000080013e0                DMA1_Channel2_IRQHandler
                0x00000000080013e0                CAN1_SCE_IRQHandler
                0x00000000080013e0                FLASH_IRQHandler
                0x00000000080013e0                USART1_IRQHandler
                0x00000000080013e0                I2C1_ER_IRQHandler
                0x00000000080013e0                USBWakeUp_IRQHandler
 *fill*         0x00000000080013e2        0x2 
 .text.HAL_Init
                0x00000000080013e4       0x2c ./Drivers/STM32F1xx_HAL_Driver/Src/stm32f1xx_hal.o
                0x00000000080013e4                HAL_Init
 .text.HAL_InitTick
                0x0000000008001410       0x60 ./Drivers/STM32F1xx_HAL_Driver/Src/stm32f1xx_hal.o
                0x0000000008001410                HAL_InitTick
 .text.HAL_IncTick
                0x0000000008001470       0x24 ./Drivers/STM32F1xx_HAL_Driver/Src/stm32f1xx_hal.o
                0x0000000008001470                HAL_IncTick
 .text.HAL_GetTick
                0x0000000008001494       0x14 ./Drivers/STM32F1xx_HAL_Driver/Src/stm32f1xx_hal.o
                0x0000000008001494                HAL_GetTick
 .text.HAL_Delay
                0x00000000080014a8       0x48 ./Drivers/STM32F1xx_HAL_Driver/Src/stm32f1xx_hal.o
                0x00000000080014a8                HAL_Delay
 .text.HAL_CAN_Init
                0x00000000080014f0      0x1f6 ./Drivers/STM32F1xx_HAL_Driver/Src/stm32f1xx_hal_can.o
                0x00000000080014f0                HAL_CAN_Init
 .text.HAL_CAN_ConfigFilter
                0x00000000080016e6      0x192 ./Drivers/STM32F1xx_HAL_Driver/Src/stm32f1xx_hal_can.o
                0x00000000080016e6                HAL_CAN_ConfigFilter
 .text.HAL_CAN_Start
                0x0000000008001878       0x88 ./Drivers/STM32F1xx_HAL_Driver/Src/stm32f1xx_hal_can.o
                0x0000000008001878                HAL_CAN_Start
 .text.HAL_CAN_AddTxMessage
                0x0000000008001900      0x19e ./Drivers/STM32F1xx_HAL_Driver/Src/stm32f1xx_hal_can.o
                0x0000000008001900                HAL_CAN_AddTxMessage
 .text.HAL_CAN_GetTxMailboxesFreeLevel
                0x0000000008001a9e       0x68 ./Drivers/STM32F1xx_HAL_Driver/Src/stm32f1xx_hal_can.o
                0x0000000008001a9e                HAL_CAN_GetTxMailboxesFreeLevel
 .text.HAL_CAN_GetRxMessage
                0x0000000008001b06      0x242 ./Drivers/STM32F1xx_HAL_Driver/Src/stm32f1xx_hal_can.o
                0x0000000008001b06                HAL_CAN_GetRxMessage
 .text.HAL_CAN_ActivateNotification
                0x0000000008001d48       0x4a ./Drivers/STM32F1xx_HAL_Driver/Src/stm32f1xx_hal_can.o
                0x0000000008001d48                HAL_CAN_ActivateNotification
 .text.HAL_CAN_IRQHandler
                0x0000000008001d92      0x36e ./Drivers/STM32F1xx_HAL_Driver/Src/stm32f1xx_hal_can.o
                0x0000000008001d92                HAL_CAN_IRQHandler
 .text.HAL_CAN_TxMailbox0CompleteCallback
                0x0000000008002100       0x12 ./Drivers/STM32F1xx_HAL_Driver/Src/stm32f1xx_hal_can.o
                0x0000000008002100                HAL_CAN_TxMailbox0CompleteCallback
 .text.HAL_CAN_TxMailbox1CompleteCallback
                0x0000000008002112       0x12 ./Drivers/STM32F1xx_HAL_Driver/Src/stm32f1xx_hal_can.o
                0x0000000008002112                HAL_CAN_TxMailbox1CompleteCallback
 .text.HAL_CAN_TxMailbox2CompleteCallback
                0x0000000008002124       0x12 ./Drivers/STM32F1xx_HAL_Driver/Src/stm32f1xx_hal_can.o
                0x0000000008002124                HAL_CAN_TxMailbox2CompleteCallback
 .text.HAL_CAN_TxMailbox0AbortCallback
                0x0000000008002136       0x12 ./Drivers/STM32F1xx_HAL_Driver/Src/stm32f1xx_hal_can.o
                0x0000000008002136                HAL_CAN_TxMailbox0AbortCallback
 .text.HAL_CAN_TxMailbox1AbortCallback
                0x0000000008002148       0x12 ./Drivers/STM32F1xx_HAL_Driver/Src/stm32f1xx_hal_can.o
                0x0000000008002148                HAL_CAN_TxMailbox1AbortCallback
 .text.HAL_CAN_TxMailbox2AbortCallback
                0x000000000800215a       0x12 ./Drivers/STM32F1xx_HAL_Driver/Src/stm32f1xx_hal_can.o
                0x000000000800215a                HAL_CAN_TxMailbox2AbortCallback
 .text.HAL_CAN_RxFifo0FullCallback
                0x000000000800216c       0x12 ./Drivers/STM32F1xx_HAL_Driver/Src/stm32f1xx_hal_can.o
                0x000000000800216c                HAL_CAN_RxFifo0FullCallback
 .text.HAL_CAN_RxFifo1MsgPendingCallback
                0x000000000800217e       0x12 ./Drivers/STM32F1xx_HAL_Driver/Src/stm32f1xx_hal_can.o
                0x000000000800217e                HAL_CAN_RxFifo1MsgPendingCallback
 .text.HAL_CAN_RxFifo1FullCallback
                0x0000000008002190       0x12 ./Drivers/STM32F1xx_HAL_Driver/Src/stm32f1xx_hal_can.o
                0x0000000008002190                HAL_CAN_RxFifo1FullCallback
 .text.HAL_CAN_SleepCallback
                0x00000000080021a2       0x12 ./Drivers/STM32F1xx_HAL_Driver/Src/stm32f1xx_hal_can.o
                0x00000000080021a2                HAL_CAN_SleepCallback
 .text.HAL_CAN_WakeUpFromRxMsgCallback
                0x00000000080021b4       0x12 ./Drivers/STM32F1xx_HAL_Driver/Src/stm32f1xx_hal_can.o
                0x00000000080021b4                HAL_CAN_WakeUpFromRxMsgCallback
 .text.HAL_CAN_ErrorCallback
                0x00000000080021c6       0x12 ./Drivers/STM32F1xx_HAL_Driver/Src/stm32f1xx_hal_can.o
                0x00000000080021c6                HAL_CAN_ErrorCallback
 .text.__NVIC_SetPriorityGrouping
                0x00000000080021d8       0x48 ./Drivers/STM32F1xx_HAL_Driver/Src/stm32f1xx_hal_cortex.o
 .text.__NVIC_GetPriorityGrouping
                0x0000000008002220       0x1c ./Drivers/STM32F1xx_HAL_Driver/Src/stm32f1xx_hal_cortex.o
 .text.__NVIC_EnableIRQ
                0x000000000800223c       0x38 ./Drivers/STM32F1xx_HAL_Driver/Src/stm32f1xx_hal_cortex.o
 .text.__NVIC_SetPriority
                0x0000000008002274       0x54 ./Drivers/STM32F1xx_HAL_Driver/Src/stm32f1xx_hal_cortex.o
 .text.NVIC_EncodePriority
                0x00000000080022c8       0x64 ./Drivers/STM32F1xx_HAL_Driver/Src/stm32f1xx_hal_cortex.o
 .text.SysTick_Config
                0x000000000800232c       0x44 ./Drivers/STM32F1xx_HAL_Driver/Src/stm32f1xx_hal_cortex.o
 .text.HAL_NVIC_SetPriorityGrouping
                0x0000000008002370       0x16 ./Drivers/STM32F1xx_HAL_Driver/Src/stm32f1xx_hal_cortex.o
                0x0000000008002370                HAL_NVIC_SetPriorityGrouping
 .text.HAL_NVIC_SetPriority
                0x0000000008002386       0x38 ./Drivers/STM32F1xx_HAL_Driver/Src/stm32f1xx_hal_cortex.o
                0x0000000008002386                HAL_NVIC_SetPriority
 .text.HAL_NVIC_EnableIRQ
                0x00000000080023be       0x1c ./Drivers/STM32F1xx_HAL_Driver/Src/stm32f1xx_hal_cortex.o
                0x00000000080023be                HAL_NVIC_EnableIRQ
 .text.HAL_SYSTICK_Config
                0x00000000080023da       0x18 ./Drivers/STM32F1xx_HAL_Driver/Src/stm32f1xx_hal_cortex.o
                0x00000000080023da                HAL_SYSTICK_Config
 *fill*         0x00000000080023f2        0x2 
 .text.HAL_GPIO_Init
                0x00000000080023f4      0x308 ./Drivers/STM32F1xx_HAL_Driver/Src/stm32f1xx_hal_gpio.o
                0x00000000080023f4                HAL_GPIO_Init
 .text.HAL_RCC_OscConfig
                0x00000000080026fc      0x500 ./Drivers/STM32F1xx_HAL_Driver/Src/stm32f1xx_hal_rcc.o
                0x00000000080026fc                HAL_RCC_OscConfig
 .text.HAL_RCC_ClockConfig
                0x0000000008002bfc      0x1d4 ./Drivers/STM32F1xx_HAL_Driver/Src/stm32f1xx_hal_rcc.o
                0x0000000008002bfc                HAL_RCC_ClockConfig
 .text.HAL_RCC_GetSysClockFreq
                0x0000000008002dd0       0xa8 ./Drivers/STM32F1xx_HAL_Driver/Src/stm32f1xx_hal_rcc.o
                0x0000000008002dd0                HAL_RCC_GetSysClockFreq
 .text.RCC_Delay
                0x0000000008002e78       0x3c ./Drivers/STM32F1xx_HAL_Driver/Src/stm32f1xx_hal_rcc.o
 .text.__libc_init_array
                0x0000000008002eb4       0x48 d:/stm32cubeide/stm32cubeide_1.8.0/stm32cubeide/plugins/com.st.stm32cube.ide.mcu.externaltools.gnu-tools-for-stm32.9-2020-q2-update.win32_2.0.0.202105311346/tools/bin/../lib/gcc/arm-none-eabi/9.3.1/../../../../arm-none-eabi/lib/thumb/v7-m/nofp\libc_nano.a(lib_a-init.o)
                0x0000000008002eb4                __libc_init_array
 .text.memset   0x0000000008002efc       0x10 d:/stm32cubeide/stm32cubeide_1.8.0/stm32cubeide/plugins/com.st.stm32cube.ide.mcu.externaltools.gnu-tools-for-stm32.9-2020-q2-update.win32_2.0.0.202105311346/tools/bin/../lib/gcc/arm-none-eabi/9.3.1/../../../../arm-none-eabi/lib/thumb/v7-m/nofp\libc_nano.a(lib_a-memset.o)
                0x0000000008002efc                memset
 *(.glue_7)
 .glue_7        0x0000000008002f0c        0x0 linker stubs
 *(.glue_7t)
 .glue_7t       0x0000000008002f0c        0x0 linker stubs
 *(.eh_frame)
 .eh_frame      0x0000000008002f0c        0x0 d:/stm32cubeide/stm32cubeide_1.8.0/stm32cubeide/plugins/com.st.stm32cube.ide.mcu.externaltools.gnu-tools-for-stm32.9-2020-q2-update.win32_2.0.0.202105311346/tools/bin/../lib/gcc/arm-none-eabi/9.3.1/thumb/v7-m/nofp/crtbegin.o
 *(.init)
 .init          0x0000000008002f0c        0x4 d:/stm32cubeide/stm32cubeide_1.8.0/stm32cubeide/plugins/com.st.stm32cube.ide.mcu.externaltools.gnu-tools-for-stm32.9-2020-q2-update.win32_2.0.0.202105311346/tools/bin/../lib/gcc/arm-none-eabi/9.3.1/thumb/v7-m/nofp/crti.o
                0x0000000008002f0c                _init
 .init          0x0000000008002f10        0x8 d:/stm32cubeide/stm32cubeide_1.8.0/stm32cubeide/plugins/com.st.stm32cube.ide.mcu.externaltools.gnu-tools-for-stm32.9-2020-q2-update.win32_2.0.0.202105311346/tools/bin/../lib/gcc/arm-none-eabi/9.3.1/thumb/v7-m/nofp/crtn.o
 *(.fini)
 .fini          0x0000000008002f18        0x4 d:/stm32cubeide/stm32cubeide_1.8.0/stm32cubeide/plugins/com.st.stm32cube.ide.mcu.externaltools.gnu-tools-for-stm32.9-2020-q2-update.win32_2.0.0.202105311346/tools/bin/../lib/gcc/arm-none-eabi/9.3.1/thumb/v7-m/nofp/crti.o
                0x0000000008002f18                _fini
 .fini          0x0000000008002f1c        0x8 d:/stm32cubeide/stm32cubeide_1.8.0/stm32cubeide/plugins/com.st.stm32cube.ide.mcu.externaltools.gnu-tools-for-stm32.9-2020-q2-update.win32_2.0.0.202105311346/tools/bin/../lib/gcc/arm-none-eabi/9.3.1/thumb/v7-m/nofp/crtn.o
                0x0000000008002f24                . = ALIGN (0x4)
                0x0000000008002f24                _etext = .

.vfp11_veneer   0x0000000008002f24        0x0
 .vfp11_veneer  0x0000000008002f24        0x0 linker stubs

.v4_bx          0x0000000008002f24        0x0
 .v4_bx         0x0000000008002f24        0x0 linker stubs

.iplt           0x0000000008002f24        0x0
 .iplt          0x0000000008002f24        0x0 d:/stm32cubeide/stm32cubeide_1.8.0/stm32cubeide/plugins/com.st.stm32cube.ide.mcu.externaltools.gnu-tools-for-stm32.9-2020-q2-update.win32_2.0.0.202105311346/tools/bin/../lib/gcc/arm-none-eabi/9.3.1/thumb/v7-m/nofp/crtbegin.o

.rodata         0x0000000008002f24       0xbc
                0x0000000008002f24                . = ALIGN (0x4)
 *(.rodata)
 .rodata        0x0000000008002f24       0x98 ./Core/Src/DrEmpower_can.o
 *(.rodata*)
 .rodata.AHBPrescTable
                0x0000000008002fbc       0x10 ./Core/Src/system_stm32f1xx.o
                0x0000000008002fbc                AHBPrescTable
 .rodata.aPLLMULFactorTable.5650
                0x0000000008002fcc       0x10 ./Drivers/STM32F1xx_HAL_Driver/Src/stm32f1xx_hal_rcc.o
 .rodata.aPredivFactorTable.5651
                0x0000000008002fdc        0x2 ./Drivers/STM32F1xx_HAL_Driver/Src/stm32f1xx_hal_rcc.o
                0x0000000008002fe0                . = ALIGN (0x4)
 *fill*         0x0000000008002fde        0x2 

.rel.dyn        0x0000000008002fe0        0x0
 .rel.iplt      0x0000000008002fe0        0x0 d:/stm32cubeide/stm32cubeide_1.8.0/stm32cubeide/plugins/com.st.stm32cube.ide.mcu.externaltools.gnu-tools-for-stm32.9-2020-q2-update.win32_2.0.0.202105311346/tools/bin/../lib/gcc/arm-none-eabi/9.3.1/thumb/v7-m/nofp/crtbegin.o

.ARM.extab      0x0000000008002fe0        0x0
                0x0000000008002fe0                . = ALIGN (0x4)
 *(.ARM.extab* .gnu.linkonce.armextab.*)
                0x0000000008002fe0                . = ALIGN (0x4)

.ARM            0x0000000008002fe0        0x0
                0x0000000008002fe0                . = ALIGN (0x4)
                0x0000000008002fe0                __exidx_start = .
 *(.ARM.exidx*)
                0x0000000008002fe0                __exidx_end = .
                0x0000000008002fe0                . = ALIGN (0x4)

.preinit_array  0x0000000008002fe0        0x0
                0x0000000008002fe0                . = ALIGN (0x4)
                0x0000000008002fe0                PROVIDE (__preinit_array_start = .)
 *(.preinit_array*)
                0x0000000008002fe0                PROVIDE (__preinit_array_end = .)
                0x0000000008002fe0                . = ALIGN (0x4)

.init_array     0x0000000008002fe0        0x4
                0x0000000008002fe0                . = ALIGN (0x4)
                0x0000000008002fe0                PROVIDE (__init_array_start = .)
 *(SORT_BY_NAME(.init_array.*))
 *(.init_array*)
 .init_array    0x0000000008002fe0        0x4 d:/stm32cubeide/stm32cubeide_1.8.0/stm32cubeide/plugins/com.st.stm32cube.ide.mcu.externaltools.gnu-tools-for-stm32.9-2020-q2-update.win32_2.0.0.202105311346/tools/bin/../lib/gcc/arm-none-eabi/9.3.1/thumb/v7-m/nofp/crtbegin.o
                0x0000000008002fe4                PROVIDE (__init_array_end = .)
                0x0000000008002fe4                . = ALIGN (0x4)

.fini_array     0x0000000008002fe4        0x4
                0x0000000008002fe4                . = ALIGN (0x4)
                [!provide]                        PROVIDE (__fini_array_start = .)
 *(SORT_BY_NAME(.fini_array.*))
 *(.fini_array*)
 .fini_array    0x0000000008002fe4        0x4 d:/stm32cubeide/stm32cubeide_1.8.0/stm32cubeide/plugins/com.st.stm32cube.ide.mcu.externaltools.gnu-tools-for-stm32.9-2020-q2-update.win32_2.0.0.202105311346/tools/bin/../lib/gcc/arm-none-eabi/9.3.1/thumb/v7-m/nofp/crtbegin.o
                [!provide]                        PROVIDE (__fini_array_end = .)
                0x0000000008002fe8                . = ALIGN (0x4)
                0x0000000008002fe8                _sidata = LOADADDR (.data)

.data           0x0000000020000000        0xc load address 0x0000000008002fe8
                0x0000000020000000                . = ALIGN (0x4)
                0x0000000020000000                _sdata = .
 *(.data)
 *(.data*)
 .data.SystemCoreClock
                0x0000000020000000        0x4 ./Core/Src/system_stm32f1xx.o
                0x0000000020000000                SystemCoreClock
 .data.uwTickPrio
                0x0000000020000004        0x4 ./Drivers/STM32F1xx_HAL_Driver/Src/stm32f1xx_hal.o
                0x0000000020000004                uwTickPrio
 .data.uwTickFreq
                0x0000000020000008        0x1 ./Drivers/STM32F1xx_HAL_Driver/Src/stm32f1xx_hal.o
                0x0000000020000008                uwTickFreq
 *(.RamFunc)
 *(.RamFunc*)
                0x000000002000000c                . = ALIGN (0x4)
 *fill*         0x0000000020000009        0x3 
                0x000000002000000c                _edata = .

.igot.plt       0x000000002000000c        0x0 load address 0x0000000008002ff4
 .igot.plt      0x000000002000000c        0x0 d:/stm32cubeide/stm32cubeide_1.8.0/stm32cubeide/plugins/com.st.stm32cube.ide.mcu.externaltools.gnu-tools-for-stm32.9-2020-q2-update.win32_2.0.0.202105311346/tools/bin/../lib/gcc/arm-none-eabi/9.3.1/thumb/v7-m/nofp/crtbegin.o
                0x000000002000000c                . = ALIGN (0x4)

.bss            0x000000002000000c       0xd0 load address 0x0000000008002ff4
                0x000000002000000c                _sbss = .
                0x000000002000000c                __bss_start__ = _sbss
 *(.bss)
 .bss           0x000000002000000c       0x1c d:/stm32cubeide/stm32cubeide_1.8.0/stm32cubeide/plugins/com.st.stm32cube.ide.mcu.externaltools.gnu-tools-for-stm32.9-2020-q2-update.win32_2.0.0.202105311346/tools/bin/../lib/gcc/arm-none-eabi/9.3.1/thumb/v7-m/nofp/crtbegin.o
 *(.bss*)
 .bss.can_id    0x0000000020000028        0x2 ./Core/Src/DrEmpower_can.o
                0x0000000020000028                can_id
 .bss.READ_FLAG
                0x000000002000002a        0x1 ./Core/Src/DrEmpower_can.o
                0x000000002000002a                READ_FLAG
 *fill*         0x000000002000002b        0x1 
 .bss.TxMailbox.5604
                0x000000002000002c        0x4 ./Core/Src/can.o
 *(COMMON)
 COMMON         0x0000000020000030       0x80 ./Core/Src/DrEmpower_can.o
                0x0000000020000030                DaTemp
                0x0000000020000034                command
                0x0000000020000074                rx_buffer
                0x000000002000007c                i
                0x0000000020000080                data_struct
                0x0000000020000084                data_list
 COMMON         0x00000000200000b0       0x28 ./Core/Src/can.o
                0x00000000200000b0                hcan
 COMMON         0x00000000200000d8        0x4 ./Drivers/STM32F1xx_HAL_Driver/Src/stm32f1xx_hal.o
                0x00000000200000d8                uwTick
                0x00000000200000dc                . = ALIGN (0x4)
                0x00000000200000dc                _ebss = .
                0x00000000200000dc                __bss_end__ = _ebss

._user_heap_stack
                0x00000000200000dc      0x604 load address 0x0000000008002ff4
                0x00000000200000e0                . = ALIGN (0x8)
 *fill*         0x00000000200000dc        0x4 
                [!provide]                        PROVIDE (end = .)
                0x00000000200000e0                PROVIDE (_end = .)
                0x00000000200002e0                . = (. + _Min_Heap_Size)
 *fill*         0x00000000200000e0      0x200 
                0x00000000200006e0                . = (. + _Min_Stack_Size)
 *fill*         0x00000000200002e0      0x400 
                0x00000000200006e0                . = ALIGN (0x8)

/DISCARD/
 libc.a(*)
 libm.a(*)
 libgcc.a(*)

.ARM.attributes
                0x0000000000000000       0x29
 *(.ARM.attributes)
 .ARM.attributes
                0x0000000000000000       0x1d d:/stm32cubeide/stm32cubeide_1.8.0/stm32cubeide/plugins/com.st.stm32cube.ide.mcu.externaltools.gnu-tools-for-stm32.9-2020-q2-update.win32_2.0.0.202105311346/tools/bin/../lib/gcc/arm-none-eabi/9.3.1/thumb/v7-m/nofp/crti.o
 .ARM.attributes
                0x000000000000001d       0x2d d:/stm32cubeide/stm32cubeide_1.8.0/stm32cubeide/plugins/com.st.stm32cube.ide.mcu.externaltools.gnu-tools-for-stm32.9-2020-q2-update.win32_2.0.0.202105311346/tools/bin/../lib/gcc/arm-none-eabi/9.3.1/thumb/v7-m/nofp/crtbegin.o
 .ARM.attributes
                0x000000000000004a       0x2d ./Core/Src/DrEmpower_can.o
 .ARM.attributes
                0x0000000000000077       0x2d ./Core/Src/can.o
 .ARM.attributes
                0x00000000000000a4       0x2d ./Core/Src/gpio.o
 .ARM.attributes
                0x00000000000000d1       0x2d ./Core/Src/main.o
 .ARM.attributes
                0x00000000000000fe       0x2d ./Core/Src/stm32f1xx_hal_msp.o
 .ARM.attributes
                0x000000000000012b       0x2d ./Core/Src/stm32f1xx_it.o
 .ARM.attributes
                0x0000000000000158       0x2d ./Core/Src/system_stm32f1xx.o
 .ARM.attributes
                0x0000000000000185       0x21 ./Core/Startup/startup_stm32f103c8tx.o
 .ARM.attributes
                0x00000000000001a6       0x2d ./Drivers/STM32F1xx_HAL_Driver/Src/stm32f1xx_hal.o
 .ARM.attributes
                0x00000000000001d3       0x2d ./Drivers/STM32F1xx_HAL_Driver/Src/stm32f1xx_hal_can.o
 .ARM.attributes
                0x0000000000000200       0x2d ./Drivers/STM32F1xx_HAL_Driver/Src/stm32f1xx_hal_cortex.o
 .ARM.attributes
                0x000000000000022d       0x2d ./Drivers/STM32F1xx_HAL_Driver/Src/stm32f1xx_hal_gpio.o
 .ARM.attributes
                0x000000000000025a       0x2d ./Drivers/STM32F1xx_HAL_Driver/Src/stm32f1xx_hal_rcc.o
 .ARM.attributes
                0x0000000000000287       0x2d d:/stm32cubeide/stm32cubeide_1.8.0/stm32cubeide/plugins/com.st.stm32cube.ide.mcu.externaltools.gnu-tools-for-stm32.9-2020-q2-update.win32_2.0.0.202105311346/tools/bin/../lib/gcc/arm-none-eabi/9.3.1/../../../../arm-none-eabi/lib/thumb/v7-m/nofp\libc_nano.a(lib_a-init.o)
 .ARM.attributes
                0x00000000000002b4       0x2d d:/stm32cubeide/stm32cubeide_1.8.0/stm32cubeide/plugins/com.st.stm32cube.ide.mcu.externaltools.gnu-tools-for-stm32.9-2020-q2-update.win32_2.0.0.202105311346/tools/bin/../lib/gcc/arm-none-eabi/9.3.1/../../../../arm-none-eabi/lib/thumb/v7-m/nofp\libc_nano.a(lib_a-memset.o)
 .ARM.attributes
                0x00000000000002e1       0x1b d:/stm32cubeide/stm32cubeide_1.8.0/stm32cubeide/plugins/com.st.stm32cube.ide.mcu.externaltools.gnu-tools-for-stm32.9-2020-q2-update.win32_2.0.0.202105311346/tools/bin/../lib/gcc/arm-none-eabi/9.3.1/../../../../arm-none-eabi/lib/thumb/v7-m/nofp\libc_nano.a(lib_a-strcmp.o)
 .ARM.attributes
                0x00000000000002fc       0x1d d:/stm32cubeide/stm32cubeide_1.8.0/stm32cubeide/plugins/com.st.stm32cube.ide.mcu.externaltools.gnu-tools-for-stm32.9-2020-q2-update.win32_2.0.0.202105311346/tools/bin/../lib/gcc/arm-none-eabi/9.3.1/thumb/v7-m/nofp\libgcc.a(_arm_addsubsf3.o)
 .ARM.attributes
                0x0000000000000319       0x1d d:/stm32cubeide/stm32cubeide_1.8.0/stm32cubeide/plugins/com.st.stm32cube.ide.mcu.externaltools.gnu-tools-for-stm32.9-2020-q2-update.win32_2.0.0.202105311346/tools/bin/../lib/gcc/arm-none-eabi/9.3.1/thumb/v7-m/nofp\libgcc.a(_arm_muldivsf3.o)
 .ARM.attributes
                0x0000000000000336       0x1d d:/stm32cubeide/stm32cubeide_1.8.0/stm32cubeide/plugins/com.st.stm32cube.ide.mcu.externaltools.gnu-tools-for-stm32.9-2020-q2-update.win32_2.0.0.202105311346/tools/bin/../lib/gcc/arm-none-eabi/9.3.1/thumb/v7-m/nofp\libgcc.a(_arm_cmpsf2.o)
 .ARM.attributes
                0x0000000000000353       0x1d d:/stm32cubeide/stm32cubeide_1.8.0/stm32cubeide/plugins/com.st.stm32cube.ide.mcu.externaltools.gnu-tools-for-stm32.9-2020-q2-update.win32_2.0.0.202105311346/tools/bin/../lib/gcc/arm-none-eabi/9.3.1/thumb/v7-m/nofp\libgcc.a(_arm_fixsfsi.o)
 .ARM.attributes
                0x0000000000000370       0x1d d:/stm32cubeide/stm32cubeide_1.8.0/stm32cubeide/plugins/com.st.stm32cube.ide.mcu.externaltools.gnu-tools-for-stm32.9-2020-q2-update.win32_2.0.0.202105311346/tools/bin/../lib/gcc/arm-none-eabi/9.3.1/thumb/v7-m/nofp\libgcc.a(_arm_fixunssfsi.o)
 .ARM.attributes
                0x000000000000038d       0x1d d:/stm32cubeide/stm32cubeide_1.8.0/stm32cubeide/plugins/com.st.stm32cube.ide.mcu.externaltools.gnu-tools-for-stm32.9-2020-q2-update.win32_2.0.0.202105311346/tools/bin/../lib/gcc/arm-none-eabi/9.3.1/thumb/v7-m/nofp/crtn.o
OUTPUT(test_103.elf elf32-littlearm)
LOAD linker stubs
LOAD d:/stm32cubeide/stm32cubeide_1.8.0/stm32cubeide/plugins/com.st.stm32cube.ide.mcu.externaltools.gnu-tools-for-stm32.9-2020-q2-update.win32_2.0.0.202105311346/tools/bin/../lib/gcc/arm-none-eabi/9.3.1/../../../../arm-none-eabi/lib/thumb/v7-m/nofp\libc.a
LOAD d:/stm32cubeide/stm32cubeide_1.8.0/stm32cubeide/plugins/com.st.stm32cube.ide.mcu.externaltools.gnu-tools-for-stm32.9-2020-q2-update.win32_2.0.0.202105311346/tools/bin/../lib/gcc/arm-none-eabi/9.3.1/../../../../arm-none-eabi/lib/thumb/v7-m/nofp\libm.a
LOAD d:/stm32cubeide/stm32cubeide_1.8.0/stm32cubeide/plugins/com.st.stm32cube.ide.mcu.externaltools.gnu-tools-for-stm32.9-2020-q2-update.win32_2.0.0.202105311346/tools/bin/../lib/gcc/arm-none-eabi/9.3.1/thumb/v7-m/nofp\libgcc.a

.debug_info     0x0000000000000000     0x8fab
 .debug_info    0x0000000000000000     0x3229 ./Core/Src/DrEmpower_can.o
 .debug_info    0x0000000000003229      0xba9 ./Core/Src/can.o
 .debug_info    0x0000000000003dd2      0x26c ./Core/Src/gpio.o
 .debug_info    0x000000000000403e     0x100f ./Core/Src/main.o
 .debug_info    0x000000000000504d      0x2fc ./Core/Src/stm32f1xx_hal_msp.o
 .debug_info    0x0000000000005349      0x60f ./Core/Src/stm32f1xx_it.o
 .debug_info    0x0000000000005958      0x2be ./Core/Src/system_stm32f1xx.o
 .debug_info    0x0000000000005c16       0x22 ./Core/Startup/startup_stm32f103c8tx.o
 .debug_info    0x0000000000005c38      0x76a ./Drivers/STM32F1xx_HAL_Driver/Src/stm32f1xx_hal.o
 .debug_info    0x00000000000063a2     0x1099 ./Drivers/STM32F1xx_HAL_Driver/Src/stm32f1xx_hal_can.o
 .debug_info    0x000000000000743b      0xbdc ./Drivers/STM32F1xx_HAL_Driver/Src/stm32f1xx_hal_cortex.o
 .debug_info    0x0000000000008017      0x701 ./Drivers/STM32F1xx_HAL_Driver/Src/stm32f1xx_hal_gpio.o
 .debug_info    0x0000000000008718      0x893 ./Drivers/STM32F1xx_HAL_Driver/Src/stm32f1xx_hal_rcc.o

.debug_abbrev   0x0000000000000000     0x18e3
 .debug_abbrev  0x0000000000000000      0x3b4 ./Core/Src/DrEmpower_can.o
 .debug_abbrev  0x00000000000003b4      0x22f ./Core/Src/can.o
 .debug_abbrev  0x00000000000005e3      0x11d ./Core/Src/gpio.o
 .debug_abbrev  0x0000000000000700      0x268 ./Core/Src/main.o
 .debug_abbrev  0x0000000000000968      0x11d ./Core/Src/stm32f1xx_hal_msp.o
 .debug_abbrev  0x0000000000000a85      0x16e ./Core/Src/stm32f1xx_it.o
 .debug_abbrev  0x0000000000000bf3      0x14e ./Core/Src/system_stm32f1xx.o
 .debug_abbrev  0x0000000000000d41       0x12 ./Core/Startup/startup_stm32f103c8tx.o
 .debug_abbrev  0x0000000000000d53      0x1ed ./Drivers/STM32F1xx_HAL_Driver/Src/stm32f1xx_hal.o
 .debug_abbrev  0x0000000000000f40      0x235 ./Drivers/STM32F1xx_HAL_Driver/Src/stm32f1xx_hal_can.o
 .debug_abbrev  0x0000000000001175      0x313 ./Drivers/STM32F1xx_HAL_Driver/Src/stm32f1xx_hal_cortex.o
 .debug_abbrev  0x0000000000001488      0x1e8 ./Drivers/STM32F1xx_HAL_Driver/Src/stm32f1xx_hal_gpio.o
 .debug_abbrev  0x0000000000001670      0x273 ./Drivers/STM32F1xx_HAL_Driver/Src/stm32f1xx_hal_rcc.o

.debug_aranges  0x0000000000000000      0x7a0
 .debug_aranges
                0x0000000000000000      0x230 ./Core/Src/DrEmpower_can.o
 .debug_aranges
                0x0000000000000230       0x48 ./Core/Src/can.o
 .debug_aranges
                0x0000000000000278       0x20 ./Core/Src/gpio.o
 .debug_aranges
                0x0000000000000298       0x30 ./Core/Src/main.o
 .debug_aranges
                0x00000000000002c8       0x20 ./Core/Src/stm32f1xx_hal_msp.o
 .debug_aranges
                0x00000000000002e8       0x68 ./Core/Src/stm32f1xx_it.o
 .debug_aranges
                0x0000000000000350       0x28 ./Core/Src/system_stm32f1xx.o
 .debug_aranges
                0x0000000000000378       0x28 ./Core/Startup/startup_stm32f103c8tx.o
 .debug_aranges
                0x00000000000003a0       0xe0 ./Drivers/STM32F1xx_HAL_Driver/Src/stm32f1xx_hal.o
 .debug_aranges
                0x0000000000000480      0x138 ./Drivers/STM32F1xx_HAL_Driver/Src/stm32f1xx_hal_can.o
 .debug_aranges
                0x00000000000005b8      0x100 ./Drivers/STM32F1xx_HAL_Driver/Src/stm32f1xx_hal_cortex.o
 .debug_aranges
                0x00000000000006b8       0x58 ./Drivers/STM32F1xx_HAL_Driver/Src/stm32f1xx_hal_gpio.o
 .debug_aranges
                0x0000000000000710       0x90 ./Drivers/STM32F1xx_HAL_Driver/Src/stm32f1xx_hal_rcc.o

.debug_ranges   0x0000000000000000      0x750
 .debug_ranges  0x0000000000000000      0x298 ./Core/Src/DrEmpower_can.o
 .debug_ranges  0x0000000000000298       0x38 ./Core/Src/can.o
 .debug_ranges  0x00000000000002d0       0x10 ./Core/Src/gpio.o
 .debug_ranges  0x00000000000002e0       0x20 ./Core/Src/main.o
 .debug_ranges  0x0000000000000300       0x10 ./Core/Src/stm32f1xx_hal_msp.o
 .debug_ranges  0x0000000000000310       0x58 ./Core/Src/stm32f1xx_it.o
 .debug_ranges  0x0000000000000368       0x18 ./Core/Src/system_stm32f1xx.o
 .debug_ranges  0x0000000000000380       0x20 ./Core/Startup/startup_stm32f103c8tx.o
 .debug_ranges  0x00000000000003a0       0xd0 ./Drivers/STM32F1xx_HAL_Driver/Src/stm32f1xx_hal.o
 .debug_ranges  0x0000000000000470      0x128 ./Drivers/STM32F1xx_HAL_Driver/Src/stm32f1xx_hal_can.o
 .debug_ranges  0x0000000000000598       0xf0 ./Drivers/STM32F1xx_HAL_Driver/Src/stm32f1xx_hal_cortex.o
 .debug_ranges  0x0000000000000688       0x48 ./Drivers/STM32F1xx_HAL_Driver/Src/stm32f1xx_hal_gpio.o
 .debug_ranges  0x00000000000006d0       0x80 ./Drivers/STM32F1xx_HAL_Driver/Src/stm32f1xx_hal_rcc.o

.debug_macro    0x0000000000000000    0x17aa4
 .debug_macro   0x0000000000000000      0x3a6 ./Core/Src/DrEmpower_can.o
 .debug_macro   0x00000000000003a6      0xa9c ./Core/Src/DrEmpower_can.o
 .debug_macro   0x0000000000000e42       0x22 ./Core/Src/DrEmpower_can.o
 .debug_macro   0x0000000000000e64       0x8e ./Core/Src/DrEmpower_can.o
 .debug_macro   0x0000000000000ef2       0x51 ./Core/Src/DrEmpower_can.o
 .debug_macro   0x0000000000000f43      0x103 ./Core/Src/DrEmpower_can.o
 .debug_macro   0x0000000000001046       0x6a ./Core/Src/DrEmpower_can.o
 .debug_macro   0x00000000000010b0      0x1df ./Core/Src/DrEmpower_can.o
 .debug_macro   0x000000000000128f       0x52 ./Core/Src/DrEmpower_can.o
 .debug_macro   0x00000000000012e1       0x18 ./Core/Src/DrEmpower_can.o
 .debug_macro   0x00000000000012f9       0x3c ./Core/Src/DrEmpower_can.o
 .debug_macro   0x0000000000001335       0x34 ./Core/Src/DrEmpower_can.o
 .debug_macro   0x0000000000001369       0x16 ./Core/Src/DrEmpower_can.o
 .debug_macro   0x000000000000137f       0x97 ./Core/Src/DrEmpower_can.o
 .debug_macro   0x0000000000001416      0x339 ./Core/Src/DrEmpower_can.o
 .debug_macro   0x000000000000174f       0xfd ./Core/Src/DrEmpower_can.o
 .debug_macro   0x000000000000184c       0x10 ./Core/Src/DrEmpower_can.o
 .debug_macro   0x000000000000185c       0x16 ./Core/Src/DrEmpower_can.o
 .debug_macro   0x0000000000001872       0x43 ./Core/Src/DrEmpower_can.o
 .debug_macro   0x00000000000018b5       0x34 ./Core/Src/DrEmpower_can.o
 .debug_macro   0x00000000000018e9       0x10 ./Core/Src/DrEmpower_can.o
 .debug_macro   0x00000000000018f9       0x58 ./Core/Src/DrEmpower_can.o
 .debug_macro   0x0000000000001951       0x71 ./Core/Src/DrEmpower_can.o
 .debug_macro   0x00000000000019c2       0x1c ./Core/Src/DrEmpower_can.o
 .debug_macro   0x00000000000019de      0x12a ./Core/Src/DrEmpower_can.o
 .debug_macro   0x0000000000001b08       0x10 ./Core/Src/DrEmpower_can.o
 .debug_macro   0x0000000000001b18       0x1c ./Core/Src/DrEmpower_can.o
 .debug_macro   0x0000000000001b34       0x52 ./Core/Src/DrEmpower_can.o
 .debug_macro   0x0000000000001b86       0x22 ./Core/Src/DrEmpower_can.o
 .debug_macro   0x0000000000001ba8       0x10 ./Core/Src/DrEmpower_can.o
 .debug_macro   0x0000000000001bb8       0x40 ./Core/Src/DrEmpower_can.o
 .debug_macro   0x0000000000001bf8       0xd5 ./Core/Src/DrEmpower_can.o
 .debug_macro   0x0000000000001ccd       0x1c ./Core/Src/DrEmpower_can.o
 .debug_macro   0x0000000000001ce9       0x3d ./Core/Src/DrEmpower_can.o
 .debug_macro   0x0000000000001d26       0x16 ./Core/Src/DrEmpower_can.o
 .debug_macro   0x0000000000001d3c      0x145 ./Core/Src/DrEmpower_can.o
 .debug_macro   0x0000000000001e81       0x16 ./Core/Src/DrEmpower_can.o
 .debug_macro   0x0000000000001e97       0x35 ./Core/Src/DrEmpower_can.o
 .debug_macro   0x0000000000001ecc       0x20 ./Core/Src/DrEmpower_can.o
 .debug_macro   0x0000000000001eec       0x16 ./Core/Src/DrEmpower_can.o
 .debug_macro   0x0000000000001f02       0x16 ./Core/Src/DrEmpower_can.o
 .debug_macro   0x0000000000001f18       0x29 ./Core/Src/DrEmpower_can.o
 .debug_macro   0x0000000000001f41      0x1a9 ./Core/Src/DrEmpower_can.o
 .debug_macro   0x00000000000020ea       0x2e ./Core/Src/DrEmpower_can.o
 .debug_macro   0x0000000000002118       0x22 ./Core/Src/DrEmpower_can.o
 .debug_macro   0x000000000000213a       0x1c ./Core/Src/DrEmpower_can.o
 .debug_macro   0x0000000000002156       0x22 ./Core/Src/DrEmpower_can.o
 .debug_macro   0x0000000000002178       0xbd ./Core/Src/DrEmpower_can.o
 .debug_macro   0x0000000000002235      0xd23 ./Core/Src/DrEmpower_can.o
 .debug_macro   0x0000000000002f58     0xe09e ./Core/Src/DrEmpower_can.o
 .debug_macro   0x0000000000010ff6       0x6d ./Core/Src/DrEmpower_can.o
 .debug_macro   0x0000000000011063      0x215 ./Core/Src/DrEmpower_can.o
 .debug_macro   0x0000000000011278     0x348d ./Core/Src/DrEmpower_can.o
 .debug_macro   0x0000000000014705       0x56 ./Core/Src/DrEmpower_can.o
 .debug_macro   0x000000000001475b      0x5bc ./Core/Src/DrEmpower_can.o
 .debug_macro   0x0000000000014d17      0x289 ./Core/Src/DrEmpower_can.o
 .debug_macro   0x0000000000014fa0      0x1cb ./Core/Src/DrEmpower_can.o
 .debug_macro   0x000000000001516b      0x114 ./Core/Src/DrEmpower_can.o
 .debug_macro   0x000000000001527f      0x1b2 ./Core/Src/DrEmpower_can.o
 .debug_macro   0x0000000000015431       0x27 ./Core/Src/DrEmpower_can.o
 .debug_macro   0x0000000000015458      0x136 ./Core/Src/DrEmpower_can.o
 .debug_macro   0x000000000001558e      0x1bc ./Core/Src/DrEmpower_can.o
 .debug_macro   0x000000000001574a       0x34 ./Core/Src/DrEmpower_can.o
 .debug_macro   0x000000000001577e       0x3c ./Core/Src/DrEmpower_can.o
 .debug_macro   0x00000000000157ba      0x408 ./Core/Src/DrEmpower_can.o
 .debug_macro   0x0000000000015bc2       0x57 ./Core/Src/DrEmpower_can.o
 .debug_macro   0x0000000000015c19       0x87 ./Core/Src/DrEmpower_can.o
 .debug_macro   0x0000000000015ca0      0x240 ./Core/Src/DrEmpower_can.o
 .debug_macro   0x0000000000015ee0      0x140 ./Core/Src/DrEmpower_can.o
 .debug_macro   0x0000000000016020       0x83 ./Core/Src/DrEmpower_can.o
 .debug_macro   0x00000000000160a3      0x1a8 ./Core/Src/can.o
 .debug_macro   0x000000000001624b       0x2e ./Core/Src/can.o
 .debug_macro   0x0000000000016279       0xc3 ./Core/Src/can.o
 .debug_macro   0x000000000001633c       0x6d ./Core/Src/can.o
 .debug_macro   0x00000000000163a9      0x174 ./Core/Src/can.o
 .debug_macro   0x000000000001651d       0x5c ./Core/Src/can.o
 .debug_macro   0x0000000000016579      0x1a2 ./Core/Src/gpio.o
 .debug_macro   0x000000000001671b      0x31f ./Core/Src/main.o
 .debug_macro   0x0000000000016a3a      0x333 ./Core/Src/main.o
 .debug_macro   0x0000000000016d6d      0x198 ./Core/Src/stm32f1xx_hal_msp.o
 .debug_macro   0x0000000000016f05      0x1a2 ./Core/Src/stm32f1xx_it.o
 .debug_macro   0x00000000000170a7      0x18e ./Core/Src/system_stm32f1xx.o
 .debug_macro   0x0000000000017235      0x1b2 ./Drivers/STM32F1xx_HAL_Driver/Src/stm32f1xx_hal.o
 .debug_macro   0x00000000000173e7      0x196 ./Drivers/STM32F1xx_HAL_Driver/Src/stm32f1xx_hal_can.o
 .debug_macro   0x000000000001757d      0x18e ./Drivers/STM32F1xx_HAL_Driver/Src/stm32f1xx_hal_cortex.o
 .debug_macro   0x000000000001770b      0x1f9 ./Drivers/STM32F1xx_HAL_Driver/Src/stm32f1xx_hal_gpio.o
 .debug_macro   0x0000000000017904      0x1a0 ./Drivers/STM32F1xx_HAL_Driver/Src/stm32f1xx_hal_rcc.o

.debug_line     0x0000000000000000     0x8584
 .debug_line    0x0000000000000000     0x1d65 ./Core/Src/DrEmpower_can.o
 .debug_line    0x0000000000001d65      0x7a3 ./Core/Src/can.o
 .debug_line    0x0000000000002508      0x66f ./Core/Src/gpio.o
 .debug_line    0x0000000000002b77      0x90b ./Core/Src/main.o
 .debug_line    0x0000000000003482      0x674 ./Core/Src/stm32f1xx_hal_msp.o
 .debug_line    0x0000000000003af6      0x74d ./Core/Src/stm32f1xx_it.o
 .debug_line    0x0000000000004243      0x6f1 ./Core/Src/system_stm32f1xx.o
 .debug_line    0x0000000000004934       0x86 ./Core/Startup/startup_stm32f103c8tx.o
 .debug_line    0x00000000000049ba      0x91e ./Drivers/STM32F1xx_HAL_Driver/Src/stm32f1xx_hal.o
 .debug_line    0x00000000000052d8     0x10c5 ./Drivers/STM32F1xx_HAL_Driver/Src/stm32f1xx_hal_can.o
 .debug_line    0x000000000000639d      0xb06 ./Drivers/STM32F1xx_HAL_Driver/Src/stm32f1xx_hal_cortex.o
 .debug_line    0x0000000000006ea3      0x9b7 ./Drivers/STM32F1xx_HAL_Driver/Src/stm32f1xx_hal_gpio.o
 .debug_line    0x000000000000785a      0xd2a ./Drivers/STM32F1xx_HAL_Driver/Src/stm32f1xx_hal_rcc.o

.debug_str      0x0000000000000000    0x835bf
 .debug_str     0x0000000000000000    0x81e13 ./Core/Src/DrEmpower_can.o
                                      0x82369 (size before relaxing)
 .debug_str     0x0000000000081e13      0x4ea ./Core/Src/can.o
                                      0x7d665 (size before relaxing)
 .debug_str     0x00000000000822fd       0x2c ./Core/Src/gpio.o
                                      0x7ce75 (size before relaxing)
 .debug_str     0x0000000000082329      0x157 ./Core/Src/main.o
                                      0x8133f (size before relaxing)
 .debug_str     0x0000000000082480       0x50 ./Core/Src/stm32f1xx_hal_msp.o
                                      0x7cea3 (size before relaxing)
 .debug_str     0x00000000000824d0       0xbd ./Core/Src/stm32f1xx_it.o
                                      0x7d17a (size before relaxing)
 .debug_str     0x000000000008258d       0x52 ./Core/Src/system_stm32f1xx.o
                                      0x7ce90 (size before relaxing)
 .debug_str     0x00000000000825df       0x36 ./Core/Startup/startup_stm32f103c8tx.o
                                         0x51 (size before relaxing)
 .debug_str     0x0000000000082615      0x2f2 ./Drivers/STM32F1xx_HAL_Driver/Src/stm32f1xx_hal.o
                                      0x7d521 (size before relaxing)
 .debug_str     0x0000000000082907      0x456 ./Drivers/STM32F1xx_HAL_Driver/Src/stm32f1xx_hal_can.o
                                      0x7d6b0 (size before relaxing)
 .debug_str     0x0000000000082d5d      0x2d8 ./Drivers/STM32F1xx_HAL_Driver/Src/stm32f1xx_hal_cortex.o
                                      0x7d529 (size before relaxing)
 .debug_str     0x0000000000083035      0x33b ./Drivers/STM32F1xx_HAL_Driver/Src/stm32f1xx_hal_gpio.o
                                      0x7d254 (size before relaxing)
 .debug_str     0x0000000000083370      0x24f ./Drivers/STM32F1xx_HAL_Driver/Src/stm32f1xx_hal_rcc.o
                                      0x7d28d (size before relaxing)

.comment        0x0000000000000000       0x53
 .comment       0x0000000000000000       0x53 ./Core/Src/DrEmpower_can.o
                                         0x54 (size before relaxing)
 .comment       0x0000000000000053       0x54 ./Core/Src/can.o
 .comment       0x0000000000000053       0x54 ./Core/Src/gpio.o
 .comment       0x0000000000000053       0x54 ./Core/Src/main.o
 .comment       0x0000000000000053       0x54 ./Core/Src/stm32f1xx_hal_msp.o
 .comment       0x0000000000000053       0x54 ./Core/Src/stm32f1xx_it.o
 .comment       0x0000000000000053       0x54 ./Core/Src/system_stm32f1xx.o
 .comment       0x0000000000000053       0x54 ./Drivers/STM32F1xx_HAL_Driver/Src/stm32f1xx_hal.o
 .comment       0x0000000000000053       0x54 ./Drivers/STM32F1xx_HAL_Driver/Src/stm32f1xx_hal_can.o
 .comment       0x0000000000000053       0x54 ./Drivers/STM32F1xx_HAL_Driver/Src/stm32f1xx_hal_cortex.o
 .comment       0x0000000000000053       0x54 ./Drivers/STM32F1xx_HAL_Driver/Src/stm32f1xx_hal_gpio.o
 .comment       0x0000000000000053       0x54 ./Drivers/STM32F1xx_HAL_Driver/Src/stm32f1xx_hal_rcc.o

.debug_frame    0x0000000000000000     0x1f8c
 .debug_frame   0x0000000000000000      0x9f8 ./Core/Src/DrEmpower_can.o
 .debug_frame   0x00000000000009f8       0xe0 ./Core/Src/can.o
 .debug_frame   0x0000000000000ad8       0x38 ./Core/Src/gpio.o
 .debug_frame   0x0000000000000b10       0x6c ./Core/Src/main.o
 .debug_frame   0x0000000000000b7c       0x38 ./Core/Src/stm32f1xx_hal_msp.o
 .debug_frame   0x0000000000000bb4      0x120 ./Core/Src/stm32f1xx_it.o
 .debug_frame   0x0000000000000cd4       0x58 ./Core/Src/system_stm32f1xx.o
 .debug_frame   0x0000000000000d2c      0x334 ./Drivers/STM32F1xx_HAL_Driver/Src/stm32f1xx_hal.o
 .debug_frame   0x0000000000001060      0x5a0 ./Drivers/STM32F1xx_HAL_Driver/Src/stm32f1xx_hal_can.o
 .debug_frame   0x0000000000001600      0x428 ./Drivers/STM32F1xx_HAL_Driver/Src/stm32f1xx_hal_cortex.o
 .debug_frame   0x0000000000001a28      0x14c ./Drivers/STM32F1xx_HAL_Driver/Src/stm32f1xx_hal_gpio.o
 .debug_frame   0x0000000000001b74      0x218 ./Drivers/STM32F1xx_HAL_Driver/Src/stm32f1xx_hal_rcc.o
 .debug_frame   0x0000000000001d8c       0x2c d:/stm32cubeide/stm32cubeide_1.8.0/stm32cubeide/plugins/com.st.stm32cube.ide.mcu.externaltools.gnu-tools-for-stm32.9-2020-q2-update.win32_2.0.0.202105311346/tools/bin/../lib/gcc/arm-none-eabi/9.3.1/../../../../arm-none-eabi/lib/thumb/v7-m/nofp\libc_nano.a(lib_a-init.o)
 .debug_frame   0x0000000000001db8       0x20 d:/stm32cubeide/stm32cubeide_1.8.0/stm32cubeide/plugins/com.st.stm32cube.ide.mcu.externaltools.gnu-tools-for-stm32.9-2020-q2-update.win32_2.0.0.202105311346/tools/bin/../lib/gcc/arm-none-eabi/9.3.1/../../../../arm-none-eabi/lib/thumb/v7-m/nofp\libc_nano.a(lib_a-memset.o)
 .debug_frame   0x0000000000001dd8       0x20 d:/stm32cubeide/stm32cubeide_1.8.0/stm32cubeide/plugins/com.st.stm32cube.ide.mcu.externaltools.gnu-tools-for-stm32.9-2020-q2-update.win32_2.0.0.202105311346/tools/bin/../lib/gcc/arm-none-eabi/9.3.1/../../../../arm-none-eabi/lib/thumb/v7-m/nofp\libc_nano.a(lib_a-strcmp.o)
 .debug_frame   0x0000000000001df8       0x4c d:/stm32cubeide/stm32cubeide_1.8.0/stm32cubeide/plugins/com.st.stm32cube.ide.mcu.externaltools.gnu-tools-for-stm32.9-2020-q2-update.win32_2.0.0.202105311346/tools/bin/../lib/gcc/arm-none-eabi/9.3.1/thumb/v7-m/nofp\libgcc.a(_arm_addsubsf3.o)
 .debug_frame   0x0000000000001e44       0x38 d:/stm32cubeide/stm32cubeide_1.8.0/stm32cubeide/plugins/com.st.stm32cube.ide.mcu.externaltools.gnu-tools-for-stm32.9-2020-q2-update.win32_2.0.0.202105311346/tools/bin/../lib/gcc/arm-none-eabi/9.3.1/thumb/v7-m/nofp\libgcc.a(_arm_muldivsf3.o)
 .debug_frame   0x0000000000001e7c       0xc8 d:/stm32cubeide/stm32cubeide_1.8.0/stm32cubeide/plugins/com.st.stm32cube.ide.mcu.externaltools.gnu-tools-for-stm32.9-2020-q2-update.win32_2.0.0.202105311346/tools/bin/../lib/gcc/arm-none-eabi/9.3.1/thumb/v7-m/nofp\libgcc.a(_arm_cmpsf2.o)
 .debug_frame   0x0000000000001f44       0x24 d:/stm32cubeide/stm32cubeide_1.8.0/stm32cubeide/plugins/com.st.stm32cube.ide.mcu.externaltools.gnu-tools-for-stm32.9-2020-q2-update.win32_2.0.0.202105311346/tools/bin/../lib/gcc/arm-none-eabi/9.3.1/thumb/v7-m/nofp\libgcc.a(_arm_fixsfsi.o)
 .debug_frame   0x0000000000001f68       0x24 d:/stm32cubeide/stm32cubeide_1.8.0/stm32cubeide/plugins/com.st.stm32cube.ide.mcu.externaltools.gnu-tools-for-stm32.9-2020-q2-update.win32_2.0.0.202105311346/tools/bin/../lib/gcc/arm-none-eabi/9.3.1/thumb/v7-m/nofp\libgcc.a(_arm_fixunssfsi.o)
