DrEmpower_can.c:37:6:send_command	24	static
DrEmpower_can.c:43:6:SERVO_DELAY_US	24	static
DrEmpower_can.c:49:6:receive_data	16	static
DrEmpower_can.c:100:20:uint16_to_data	16	static
DrEmpower_can.c:105:24:data_to_uint16	24	static
DrEmpower_can.c:111:20:uint_to_data	16	static
DrEmpower_can.c:118:24:data_to_uint	24	static
DrEmpower_can.c:124:20:int16_to_data	16	static
DrEmpower_can.c:129:23:data_to_int16	24	static
DrEmpower_can.c:136:20:int_to_data	16	static
DrEmpower_can.c:143:19:data_to_int	24	static
DrEmpower_can.c:152:20:float_to_data	16	static
DrEmpower_can.c:159:21:data_to_float	24	static
DrEmpower_can.c:170:6:byte2value	16	static
DrEmpower_can.c:224:6:value2byte	16	static
DrEmpower_can.c:285:6:format_data	32	static
DrEmpower_can.c:322:6:preset_angle	136	static
DrEmpower_can.c:376:6:preset_speed	96	static
DrEmpower_can.c:416:6:preset_torque	64	static
DrEmpower_can.c:460:6:set_angle	136	static
DrEmpower_can.c:523:6:set_angles	176	static
DrEmpower_can.c:621:6:step_angle	208	static
DrEmpower_can.c:692:6:step_angles	160	static
DrEmpower_can.c:759:6:set_angle_adaptive	64	static
DrEmpower_can.c:785:6:set_angles_adaptive	72	static
DrEmpower_can.c:804:6:position_done	24	static
DrEmpower_can.c:819:6:positions_done	24	static
DrEmpower_can.c:838:6:set_speed	96	static
DrEmpower_can.c:876:6:set_speeds	64	static
DrEmpower_can.c:901:6:set_torque	64	static
DrEmpower_can.c:933:6:set_torques	56	static
DrEmpower_can.c:959:6:impedance_control	72	static
DrEmpower_can.c:991:6:impedance_control_multi	112	dynamic
DrEmpower_can.c:1033:6:motion_aid	72	static
DrEmpower_can.c:1064:6:motion_aid_multi	112	static
DrEmpower_can.c:1103:6:set_speed_adaptive	56	static
DrEmpower_can.c:1127:6:set_torque_adaptive	56	static
DrEmpower_can.c:1151:6:set_pid	24	static
DrEmpower_can.c:1165:6:estop	48	static
DrEmpower_can.c:1182:6:set_id	16	static
DrEmpower_can.c:1194:6:set_can_baud_rate	16	static
DrEmpower_can.c:1208:6:set_mode	16	static
DrEmpower_can.c:1221:7:set_zero_position	48	static
DrEmpower_can.c:1238:6:set_zero_position_temp	48	static
DrEmpower_can.c:1257:8:set_angle_range	40	static
DrEmpower_can.c:1279:8:disable_angle_range	16	static
DrEmpower_can.c:1302:8:set_angle_range_config	32	static
DrEmpower_can.c:1325:8:disable_angle_range_config	16	static
DrEmpower_can.c:1339:6:set_speed_limit	56	static
DrEmpower_can.c:1356:6:set_torque_limit	56	static
DrEmpower_can.c:1376:6:write_property	40	static
DrEmpower_can.c:1389:9:get_id	16	static
DrEmpower_can.c:1399:7:get_angle	16	static
DrEmpower_can.c:1409:7:get_speed	16	static
DrEmpower_can.c:1420:7:get_torque	16	static
DrEmpower_can.c:1430:6:enable_angle_speed_torque_state	16	static
DrEmpower_can.c:1440:6:set_state_feedback_rate_ms	16	static
DrEmpower_can.c:1452:27:angle_speed_torque_state	64	static
DrEmpower_can.c:1478:6:disable_angle_speed_torque_state	16	static
DrEmpower_can.c:1488:12:get_pid	40	static
DrEmpower_can.c:1508:20:get_state	24	static
DrEmpower_can.c:1523:21:get_volcur	24	static
DrEmpower_can.c:1542:7:read_property	80	static
DrEmpower_can.c:1579:6:save_config	48	static
DrEmpower_can.c:1596:6:reboot	48	static
DrEmpower_can.c:1615:6:init_config	40	static
DrEmpower_can.c:1629:6:erase_config	40	static
